 gcc -g p7original.c -lm; 
 ./a.out
Enter the x coordinates of point 1 
3
Enter the y coordinate of point 2 
4
Enter the x coordinates of point 1 
6
Enter the y coordinate of point 2 
3
Length of line is 3.162278 
 gdb a.out
GNU gdb (Ubuntu 8.1.1-0ubuntu1) 8.1.1
Copyright (C) 2018 Free Software Foundation, Inc.
License GPLv3+: GNU GPL version 3 or later <http://gnu.org/licenses/gpl.html>
This is free software: you are free to change and redistribute it.
There is NO WARRANTY, to the extent permitted by law.  Type "show copying"
and "show warranty" for details.
This GDB was configured as "x86_64-linux-gnu".
Type "show configuration" for configuration details.
For bug reporting instructions, please see:
<http://www.gnu.org/software/gdb/bugs/>.
Find the GDB manual and other documentation resources online at:
<http://www.gnu.org/software/gdb/documentation/>.
For help, type "help".
Type "apropos word" to search for commands related to "word"...
Reading symbols from a.out...done.
(gdb) b main
Breakpoint 1 at 0x971: file p7original.c, line 48.
(gdb) r
Starting program: /home/runner/Test2Session1-2/a.out 
warning: Error disabling address space randomization: Operation not permitted

Breakpoint 1, main () at p7original.c:48
48  {
(gdb) n
50    l=input_line();
(gdb) n
Enter the x coordinates of point 1 
n
Enter the y coordinate of point 2 
n
Enter the x coordinates of point 1 
n
Enter the y coordinate of point 2 
n
51    find_length(&l);
(gdb) n
52    output(l);
(gdb) n
53    return 0;
(gdb) n
54  }(gdb) n
__libc_start_main (main=0x564558600969 <main>, argc=1, argv=0x7ffce53100f8, 
    init=<optimized out>, fini=<optimized out>, rtld_fini=<optimized out>, 
    stack_end=0x7ffce53100e8) at ../csu/libc-start.c:344
344 ../csu/libc-start.c: No such file or directory.
(gdb) 
