 gcc -g p8original.c -lm; 
 ./a.out
Enter the no of sides
3
Enter the coordinates of line:- 2
3
Enter th coordinates of line:- 
4
5
Enter the coordinates of line:- 6
7
Enter th coordinates of line:- 8
9
Enter the coordinates of line:- 2
3
Enter th coordinates of line:- 4
4
THE PERIMETER OF POLYGON IS 7.892922 
 
 gdb a.out
GNU gdb (Ubuntu 8.1.1-0ubuntu1) 8.1.1
Copyright (C) 2018 Free Software Foundation, Inc.
License GPLv3+: GNU GPL version 3 or later <http://gnu.org/licenses/gpl.html>
This is free software: you are free to change and redistribute it.
There is NO WARRANTY, to the extent permitted by law.  Type "show copying"
and "show warranty" for details.
This GDB was configured as "x86_64-linux-gnu".
Type "show configuration" for configuration details.
For bug reporting instructions, please see:
<http://www.gnu.org/software/gdb/bugs/>.
Find the GDB manual and other documentation resources online at:
<http://www.gnu.org/software/gdb/documentation/>.
For help, type "help".
Type "apropos word" to search for commands related to "word"...
Reading symbols from a.out...done.
(gdb) b main
Breakpoint 1 at 0xab4: file p8original.c, line 64.
(gdb) r
Starting program: /home/runner/Test2Session1-2/a.out 
warning: Error disabling address space randomization: Operation not permitted

Breakpoint 1, main () at p8original.c:64
64  {
(gdb) n
66    input_polygon(&p);
(gdb) n
Enter the no of sides
n
Enter the coordinates of line:- Enter th coordinates of line:- n
Enter the coordinates of line:- n
Enter th coordinates of line:- n
Enter the coordinates of line:- n
Enter th coordinates of line:- n
67    find_perimeter(&p);
(gdb) n
68    output (p);
(gdb) n
THE PERIMETER OF POLYGON IS 0.000000 
69  }
(gdb) n
__libc_start_main (main=0x559240e00aa9 <main>, argc=1, argv=0x7ffff5969188, 
    init=<optimized out>, fini=<optimized out>, rtld_fini=<optimized out>, 
    stack_end=0x7ffff5969178) at ../csu/libc-start.c:344
344 ../csu/libc-start.c: No such file or directory.
